// Jest Snapshot v1, https://goo.gl/fbAQLP

exports[`Scrambler renders correctly 1`] = `
<div
  id="scramble"
>
  L' D' F' R2 B U2 D2 R' B2 U F' L D' U R' B F' B2 R2 U2 F2 L' D'
  <img
    alt="refresh_button"
    id="refresh_icon"
    onClick={[Function]}
    src="Refresh_icon.png"
  />
</div>
`;
